// Jest Snapshot v1, https://goo.gl/fbAQLP

exports[`renders homepage unchanged 1`] = `
<div>
  <section
    class="flex-col md:flex-row flex items-center md:justify-between mt-16 mb-16 md:mb-12"
  >
    <h1
      class="text-5xl md:text-8xl font-bold tracking-tighter leading-tight md:pr-8"
    >
      Blog.
    </h1>
    <h4
      class="text-center md:text-left text-lg mt-5 md:pl-8"
    >
      A statically generated blog example using
       
      <a
        class="underline hover:text-blue-600 duration-200 transition-colors"
        href="https://nextjs.org/"
      >
        Next.js
      </a>
       
      and 
      Markdown
      .
    </h4>
  </section>
</div>
`;
