// Jest Snapshot v1, https://goo.gl/fbAQLP

exports[`renders homepage unchanged 1`] = `
<div>
  <h1
    class="text-5xl md:text-7xl lg:text-8xl font-bold tracking-tighter leading-tight md:leading-none mb-12 text-center md:text-left"
  >
    test
  </h1>
  <div
    class="hidden md:block md:mb-12"
  >
    <div
      class="flex items-center"
    >
      <img
        alt="jj"
        class="w-12 h-12 rounded-full mr-4"
        data-nimg="1"
        decoding="async"
        height="12"
        loading="lazy"
        src="/_next/image?url=%2Fpublic%2Fassets%2Fblog%2Fauthors%2Fjj.jpeg&w=32&q=75"
        srcset="/_next/image?url=%2Fpublic%2Fassets%2Fblog%2Fauthors%2Fjj.jpeg&w=16&q=75 1x, /_next/image?url=%2Fpublic%2Fassets%2Fblog%2Fauthors%2Fjj.jpeg&w=32&q=75 2x"
        style="color: transparent;"
        width="12"
      />
      <div
        class="text-xl font-bold"
      >
        jj
      </div>
    </div>
  </div>
  <div
    class="mb-8 md:mb-16 sm:mx-0"
  >
    <div
      class="sm:mx-0"
    >
      <img
        alt="Cover Image for test"
        class="shadow-sm w-full"
        data-nimg="1"
        decoding="async"
        height="630"
        loading="lazy"
        src="/_next/image?url=%2Fpublic%2Fassets%2Fblog%2Fauthors%2Fjj.jpeg&w=3840&q=75"
        srcset="/_next/image?url=%2Fpublic%2Fassets%2Fblog%2Fauthors%2Fjj.jpeg&w=1920&q=75 1x, /_next/image?url=%2Fpublic%2Fassets%2Fblog%2Fauthors%2Fjj.jpeg&w=3840&q=75 2x"
        style="color: transparent;"
        width="1300"
      />
    </div>
  </div>
  <div
    class="max-w-2xl mx-auto"
  >
    <div
      class="block md:hidden mb-6"
    >
      <div
        class="flex items-center"
      >
        <img
          alt="jj"
          class="w-12 h-12 rounded-full mr-4"
          data-nimg="1"
          decoding="async"
          height="12"
          loading="lazy"
          src="/_next/image?url=%2Fpublic%2Fassets%2Fblog%2Fauthors%2Fjj.jpeg&w=32&q=75"
          srcset="/_next/image?url=%2Fpublic%2Fassets%2Fblog%2Fauthors%2Fjj.jpeg&w=16&q=75 1x, /_next/image?url=%2Fpublic%2Fassets%2Fblog%2Fauthors%2Fjj.jpeg&w=32&q=75 2x"
          style="color: transparent;"
          width="12"
        />
        <div
          class="text-xl font-bold"
        >
          jj
        </div>
      </div>
    </div>
    <div
      class="mb-6 text-lg"
    >
      <time
        datetime="2024-04-17T05:35:07.322Z"
      >
        April	17, 2024
      </time>
    </div>
  </div>
</div>
`;
