// Jest Snapshot v1, https://goo.gl/fbAQLP

exports[`renders homepage unchanged 1`] = `
<div>
  <div
    class="border-b bg-neutral-50 border-neutral-200"
  >
    <div
      class="container mx-auto px-5"
    >
      <div
        class="py-2 text-center text-sm"
      >
        The source code for this blog is
         
        <a
          class="underline hover:text-blue-600 duration-200 transition-colors"
          href="https://github.com/vercel/next.js/tree/canary/examples/blog-starter"
        >
          available on GitHub
        </a>
        .
      </div>
    </div>
  </div>
</div>
`;
